Script started on 2022-02-10 12:43:42-05:00 [TERM="xterm-256color" TTY="/dev/pts/1" COLUMNS="80" LINES="24"]
]0;hh35@gold18: ~/cs214/lab/lab05/clojure[01;32mhh35@gold18[00m:[01;34m~/cs214/lab/lab05/clojure[00m$ clojure
[KClojure 1.10.1
[Kuser=> [Kuser=> [Kuser=> (recue + (1 2 3)(1 2 3)       [1 2 3][1 2 3])user=> (recue + [1 2 3])user=> [K(recue + [1 2 3])
Syntax error compiling at (REPL:1:1).
Unable to resolve symbol: recue in this context
user=> [Kuser=> [Kuser=> (recu  duce + [1 2 3][1 2 3])user=> (reduce + [1 2 3])user=> [K(reduce + [1 2 3])
6
user=> [Kuser=> [Kuser=> (reduce + '(1 2 3)(1 2 3))user=> [K(reduce + '(1 2 3))
6
user=> [Kuser=> [Kuser=> (reduce max [1 2 3][1 2 3])user=> (reduce max [1 2 3])user=> [K(reduce max [1 2 3])
3
user=> [Kuser=> [Kuser=> (reduce conj [ 1  1 2 3][1 2 3] [4 5 6][4 5 6])user=> (reduce conj [1 2 3] [4 5 6])user=> [K(reduce conj [1 2 3] [4 5 6])
[1 2 3 4 5 6]
user=> [Kuser=> [Kuser=> (reduce + [1 2 3 45  5][1 2 3 4 5])user=> (reduce + [1 2 3 4 5])user=> [K(reduce + [1 2 3 4 5])
15
user=> [Kuser=> [Kuser=> (reduce +1    1 [2 3 4 5][2 3 4 5])user=> (reduce + 1 [2 3 4 5])user=> [K(reduce + 1 [2 3 4 5])
15
user=> [Kuser=> [Kuser=> (reduce + 1 '(2 3 4 5)(2 3 4 5))user=> [K(reduce + 1 '(2 3 4 5))
15
user=> [Kuser=> [Kuser=> (reduce max 5 [4 5 3 2 1][4 3 2 1])user=> (reduce max 5 [4 3 2 1])user=> [K(reduce max 5 [4 3 2 1])
5
user=> [Kuser=> [Kuser=> (reduce bit-org [1 2 3 4][1 2 3 4])user=> (reduce bit-org [1 2 3 4])user=> [K(reduce bit-org [1 2 3 4])
Syntax error compiling at (REPL:1:1).
Unable to resolve symbol: bit-org in this context
user=> [Kuser=> [Kuser=> (reduce bit-or [1 2 3 4][1 2 3 4])user=> (reduce bit-or [1 2 3 4])user=> [K(reduce bit-or [1 2 3 4])
7
user=> [Kuser=> [Kuser=> (reduce str [  "a" "b" "c"]["a" "b" "c"])user=> (reduce str ["a" "b" "c"])user=> [K(reduce str ["a" "b" "c"])
"abc"
user=> [Kuser=> [Kuser=> (reduce + 1 2 [3 4 5][3 4 5])user=> (reduce + 1 2 [3 4 5])user=> [K(reduce + 1 2 [3 4 5])
Execution error (ArityException) at user/eval23 (REPL:1).
Wrong number of args (4) passed to: clojure.core/reduce
user=> [Kuser=> [Kuser=> (reduce + 1 " '(2 3 4)(2 3 4) 5)user=> [K(reduce + 1 '(2 3 4) 5)
Execution error (ArityException) at user/eval25 (REPL:1).
Wrong number of args (4) passed to: clojure.core/reduce
user=> [Kuser=> [Kuser=> (defn csv [seq][seq] (reduce (fn [ab  b][a b] (str a "," b)(str a "," b))(fn [a b] (str a "," b)) seq)user=> (defn csv [seq] (reduce (fn [a b] (str a "," b)) seq))user=> (defn csv [seq] (reduce (fn [a b] (str a "," b)) seq))user=> [K(defn csv [seq] (reduce (fn [a b] (str a "," b)) seq))
[K#'user/csv
user=> [Kuser=> [Kuser=> (csv [11 22 33][11 22 33])user=> (csv [11 22 33])user=> [K(csv [11 22 33])
"11,22,33"
user=> [Kuser=> [Kuser=> (defn totalItems [seOfQes   s Seqs][seOfSeqs] (reduce + m (map count seqOfQe  Seqs)(map count seqOfSeqs))(reduce + (map count seqOfSeqs)))user=> (defn totalItems [seOfSeqs] (reduce + (map count seqOfSeqs)))user=> [K(defn totalItems [seOfSeqs] (reduce + (map count seqOfSeqs)))
Syntax error compiling at (REPL:1:39).
Unable to resolve symbol: seqOfSeqs in this context
user=> [Kuser=> [Kuser=> (defn totalItems [seOfSeqs] (reduce + (map count seqOfSeqs)))[1@q[1Pe[1@quser=> [K(defn totalItems [seqOfSeqs] (reduce + (map count seqOfSeqs)))
#'user/totalItems
user=> [Kuser=> [Kuser=> (totalItems [["Ann"]["Ann"] ["Bp ob" "Cjhr   hris"]["Bob" "Chris"] ["Dan" "Eve" F "Fred"]["Dan" "Eve" "Fred"]]user=> (totalItems [["Ann"] ["Bob" "Chris"] ["Dan" "Eve" "Fred"]])user=> (totalItems [["Ann"] ["Bob" "Chris"] ["Dan" "Eve" "Fred"]])user=> [K(totalItems [["Ann"] ["Bob" "Chris"] ["Dan" "Eve" "Fred"]])
6
user=> [Kuser=> [Kuser=> 
[K]0;hh35@gold18: ~/cs214/lab/lab05/clojure[01;32mhh35@gold18[00m:[01;34m~/cs214/lab/lab05/clojure[00m$ exit

Script done on 2022-02-10 12:51:25-05:00 [COMMAND_EXIT_CODE="0"]
